In cycle 24: Number Overflow
In cycle 29: Number Overflow
In cycle 34: Number Overflow
In cycle 35: Number Overflow
In cycle 37: Write $0 Error
In cycle 43: Write $0 Error
In cycle 50: Number Overflow
In cycle 55: Number Overflow
In cycle 56: Number Overflow
In cycle 58: Write $0 Error
In cycle 68: Write $0 Error
In cycle 69: Write $0 Error
In cycle 70: Write $0 Error
In cycle 71: Write $0 Error
In cycle 72: Write $0 Error
In cycle 73: Write $0 Error
In cycle 77: Write $0 Error
In cycle 81: Write $0 Error
In cycle 85: Write $0 Error
In cycle 89: Write $0 Error
In cycle 94: Write $0 Error
In cycle 99: Write $0 Error
In cycle 104: Write $0 Error
In cycle 106: Number Overflow
In cycle 110: Number Overflow
In cycle 114: Number Overflow
In cycle 122: Number Overflow
In cycle 127: Number Overflow
In cycle 128: Number Overflow
In cycle 129: Write $0 Error
In cycle 130: Write $0 Error
In cycle 151: Write $0 Error
In cycle 155: Write $0 Error
In cycle 159: Write $0 Error
In cycle 187: Write $0 Error
In cycle 191: Write $0 Error
In cycle 195: Write $0 Error
In cycle 199: Write $0 Error
In cycle 203: Write $0 Error
In cycle 207: Write $0 Error
In cycle 286: Write $0 Error
In cycle 311: Write $0 Error
In cycle 312: Write $0 Error
In cycle 313: Write $0 Error
In cycle 314: Write $0 Error
In cycle 373: Number Overflow
In cycle 374: Address Overflow
In cycle 374: Misalignment Error
